[daddylive.fun/index.html]
[richinfo.co/richpartners/push/js/rp-cl-obee91.js]
[backblue.gif]
[fade.gif]
[index.html]
[cdnjs.cloudflare.com/ajax/libs/font-awesome/4.7.0/css/font-awesome.min.css]
[daddylive.fun/stylesheet1.css]
[daddylive.fun/css/custom.css]
[daddylive.fun/stylesheet.css]
[use.fontawesome.com/releases/v5.15.1/css/all.css]
[use.fontawesome.com/releases/v5.15.1/css/v4-shims.css]
[daddylive.fun/index-2.html]
[i.imgur.com/8EL6mr3.png]
[daddylive.fun/24-hours-channels.html]
[daddylive.fun/contact-us.html]
[daddylive.fun/embed-for-webmasters.html]
[daddylive.fun/ipl-schedule.html]
[daddylive.fun/stream/stream-60.html]
[i.imgur.com/Q7PdhBP.jpg]
[daddylive.fun/cricket/cricket-1.html]
[daddylive.fun/cricket/cricket-2.html]
[daddylive.fun/cricket/cricket-3.html]
[daddylive.fun/cricket/cricket-4.html]
[daddylive.fun/cricket/cricket-5.html]
[daddylive.fun/cricket/cricket-6.html]
[daddylive.fun/cricket/cricket-7.html]
[daddylive.fun/cricket/cricket-8.html]
[daddylive.fun/cricket/cricket-9.html]
[daddylive.fun/cricket/cricket-10.html]
[daddylive.fun/stream/stream-52.html]
[daddylive.fun/stream/stream-360.html]
[daddylive.fun/stream/stream-313.html]
[daddylive.fun/stream/stream-322.html]
[daddylive.fun/stream/stream-376.html]
[daddylive.fun/stream/stream-153.html]
[daddylive.fun/stream/stream-154.html]
[daddylive.fun/stream/stream-155.html]
[daddylive.fun/stream/stream-156.html]
[daddylive.fun/stream/stream-157.html]
[daddylive.fun/stream/stream-158.html]
[daddylive.fun/stream/stream-159.html]
[daddylive.fun/stream/stream-160.html]
[daddylive.fun/stream/stream-161.html]
[daddylive.fun/stream/stream-162.html]
[daddylive.fun/stream/stream-86.html]
[daddylive.fun/stream/stream-163.html]
[daddylive.fun/stream/stream-164.html]
[daddylive.fun/stream/stream-165.html]
[daddylive.fun/stream/stream-166.html]
[daddylive.fun/stream/stream-167.html]
[daddylive.fun/stream/stream-168.html]
[daddylive.fun/stream/stream-169.html]
[daddylive.fun/stream/stream-170.html]
[daddylive.fun/stream/stream-171.html]
[daddylive.fun/stream/stream-172.html]
[daddylive.fun/stream/stream-173.html]
[daddylive.fun/stream/stream-174.html]
[daddylive.fun/stream/stream-175.html]
[daddylive.fun/stream/stream-176.html]
[daddylive.fun/stream/stream-177.html]
[daddylive.fun/stream/stream-178.html]
[daddylive.fun/stream/stream-179.html]
[daddylive.fun/stream/stream-180.html]
[daddylive.fun/stream/stream-181.html]
[daddylive.fun/stream/stream-182.html]
[daddylive.fun/stream/stream-183.html]
[daddylive.fun/stream/stream-184.html]
[daddylive.fun/stream/stream-185.html]
[daddylive.fun/stream/stream-186.html]
[daddylive.fun/stream/stream-187.html]
[daddylive.fun/stream/stream-188.html]
[daddylive.fun/stream/stream-189.html]
[daddylive.fun/stream/stream-190.html]
[daddylive.fun/stream/stream-191.html]
[daddylive.fun/stream/stream-219.html]
[daddylive.fun/stream/stream-220.html]
[daddylive.fun/stream/stream-221.html]
[daddylive.fun/stream/stream-222.html]
[daddylive.fun/stream/stream-123.html]
[daddylive.fun/stream/stream-126.html]
[daddylive.fun/stream/stream-31.html]
[daddylive.fun/stream/stream-33.html]
[daddylive.fun/stream/stream-32.html]
[daddylive.fun/stream/stream-69.html]
[daddylive.fun/stream/stream-63.html]
[daddylive.fun/stream/stream-67.html]
[daddylive.fun/stream/stream-375.html]
[daddylive.fun/stream/stream-1.html]
[daddylive.fun/stream/stream-62.html]
[daddylive.fun/stream/stream-2.html]
[daddylive.fun/stream/stream-49.html]
[daddylive.fun/stream/stream-3.html]
[daddylive.fun/stream/stream-76.html]
[daddylive.fun/stream/stream-106.html]
[daddylive.fun/stream/stream-192.html]
[daddylive.fun/stream/stream-218.html]
[daddylive.fun/stream/stream-193.html]
[daddylive.fun/stream/stream-24.html]
[daddylive.fun/stream/stream-194.html]
[daddylive.fun/stream/stream-4.html]
[daddylive.fun/stream/stream-5.html]
[daddylive.fun/stream/stream-6.html]
[daddylive.fun/stream/stream-138.html]
[daddylive.fun/stream/stream-403.html]
[daddylive.fun/stream/stream-142.html]
[daddylive.fun/stream/stream-7.html]
[daddylive.fun/stream/stream-61.html]
[daddylive.fun/stream/stream-74.html]
[daddylive.fun/stream/stream-122.html]
[daddylive.fun/stream/stream-119.html]
[daddylive.fun/stream/stream-98.html]
[daddylive.fun/stream/stream-73.html]
[daddylive.fun/stream/stream-81.html]
[daddylive.fun/stream/stream-149.html]
[daddylive.fun/stream/stream-101.html]
[daddylive.fun/stream/stream-140.html]
[daddylive.fun/stream/stream-35.html]
[daddylive.fun/stream/stream-38.html]
[daddylive.fun/stream/stream-99.html]
[daddylive.fun/stream/stream-72.html]
[daddylive.fun/stream/stream-102.html]
[daddylive.fun/stream/stream-141.html]
[daddylive.fun/stream/stream-17.html]
[daddylive.fun/stream/stream-68.html]
[daddylive.fun/stream/stream-195.html]
[daddylive.fun/stream/stream-18.html]
[daddylive.fun/stream/stream-19.html]
[daddylive.fun/stream/stream-135.html]
[daddylive.fun/stream/stream-400.html]
[daddylive.fun/stream/stream-91.html]
[daddylive.fun/stream/stream-75.html]
[daddylive.fun/stream/stream-85.html]
[daddylive.fun/stream/stream-150.html]
[daddylive.fun/stream/stream-93.html]
[daddylive.fun/stream/stream-94.html]
[daddylive.fun/stream/stream-15.html]
[daddylive.fun/stream/stream-104.html]
[daddylive.fun/stream/stream-145.html]
[daddylive.fun/stream/stream-59.html]
[daddylive.fun/stream/stream-55.html]
[daddylive.fun/stream/stream-107.html]
[daddylive.fun/stream/stream-108.html]
[daddylive.fun/stream/stream-109.html]
[daddylive.fun/stream/stream-103.html]
[daddylive.fun/stream/stream-110.html]
[daddylive.fun/stream/stream-151.html]
[daddylive.fun/stream/stream-152.html]
[daddylive.fun/stream/stream-143.html]
[daddylive.fun/stream/stream-139.html]
[daddylive.fun/stream/stream-196.html]
[daddylive.fun/stream/stream-197.html]
[daddylive.fun/stream/stream-198.html]
[daddylive.fun/stream/stream-10.html]
[daddylive.fun/stream/stream-11.html]
[daddylive.fun/stream/stream-96.html]
[daddylive.fun/stream/stream-56.html]
[daddylive.fun/stream/stream-134.html]
[daddylive.fun/stream/stream-136.html]
[daddylive.fun/stream/stream-71.html]
[daddylive.fun/stream/stream-12.html]
[daddylive.fun/stream/stream-116.html]
[daddylive.fun/stream/stream-64.html]
[daddylive.fun/stream/stream-48.html]
[daddylive.fun/stream/stream-13.html]
[daddylive.fun/stream/stream-199.html]
[daddylive.fun/stream/stream-14.html]
[daddylive.fun/stream/stream-43.html]
[daddylive.fun/stream/stream-16.html]
[daddylive.fun/stream/stream-200.html]
[daddylive.fun/stream/stream-125.html]
[daddylive.fun/stream/stream-100.html]
[daddylive.fun/stream/stream-82.html]
[daddylive.fun/stream/stream-9.html]
[daddylive.fun/stream/stream-21.html]
[daddylive.fun/stream/stream-343.html]
[daddylive.fun/stream/stream-124.html]
[daddylive.fun/stream/stream-120.html]
[daddylive.fun/stream/stream-90.html]
[daddylive.fun/stream/stream-22.html]
[daddylive.fun/stream/stream-23.html]
[daddylive.fun/stream/stream-146.html]
[daddylive.fun/stream/stream-25.html]
[daddylive.fun/stream/stream-372.html]
[daddylive.fun/stream/stream-137.html]
[daddylive.fun/stream/stream-92.html]
[daddylive.fun/stream/stream-147.html]
[daddylive.fun/stream/stream-97.html]
[daddylive.fun/stream/stream-401.html]
[daddylive.fun/stream/stream-26.html]
[daddylive.fun/stream/stream-53.html]
[daddylive.fun/stream/stream-130.html]
[daddylive.fun/stream/stream-117.html]
[daddylive.fun/stream/stream-127.html]
[daddylive.fun/stream/stream-51.html]
[daddylive.fun/stream/stream-402.html]
[daddylive.fun/stream/stream-78.html]
[daddylive.fun/stream/stream-66.html]
[daddylive.fun/stream/stream-132.html]
[daddylive.fun/stream/stream-368.html]
[daddylive.fun/stream/stream-346.html]
[daddylive.fun/stream/stream-65.html]
[daddylive.fun/stream/stream-369.html]
[daddylive.fun/stream/stream-34.html]
[daddylive.fun/stream/stream-40.html]
[daddylive.fun/stream/stream-46.html]
[daddylive.fun/stream/stream-95.html]
[daddylive.fun/stream/stream-129.html]
[daddylive.fun/stream/stream-114.html]
[daddylive.fun/stream/stream-50.html]
[daddylive.fun/stream/stream-80.html]
[daddylive.fun/stream/stream-27.html]
[daddylive.fun/stream/stream-39.html]
[daddylive.fun/stream/stream-309.html]
[daddylive.fun/stream/stream-115.html]
[daddylive.fun/stream/stream-201.html]
[daddylive.fun/stream/stream-28.html]
[daddylive.fun/stream/stream-47.html]
[daddylive.fun/stream/stream-128.html]
[daddylive.fun/stream/stream-112.html]
[daddylive.fun/stream/stream-89.html]
[daddylive.fun/stream/stream-333.html]
[daddylive.fun/stream/stream-70.html]
[daddylive.fun/stream/stream-318.html]
[daddylive.fun/stream/stream-144.html]
[daddylive.fun/stream/stream-202.html]
[daddylive.fun/stream/stream-316.html]
[daddylive.fun/stream/stream-29.html]
[daddylive.fun/stream/stream-30.html]
[daddylive.fun/stream/stream-45.html]
[daddylive.fun/stream/stream-54.html]
[daddylive.fun/stream/stream-44.html]
[daddylive.fun/stream/stream-20.html]
[daddylive.fun/stream/stream-308.html]
[daddylive.fun/stream/stream-8.html]
[daddylive.fun/stream/stream-338.html]
[daddylive.fun/stream/stream-111.html]
[daddylive.fun/stream/stream-113.html]
[daddylive.fun/stream/stream-36.html]
[daddylive.fun/stream/stream-41.html]
[daddylive.fun/stream/stream-57.html]
[daddylive.fun/stream/stream-42.html]
[daddylive.fun/stream/stream-58.html]
[daddylive.fun/stream/stream-77.html]
[daddylive.fun/stream/stream-84.html]
[daddylive.fun/stream/stream-203.html]
[daddylive.fun/stream/stream-204.html]
[daddylive.fun/stream/stream-217.html]
[daddylive.fun/stream/stream-205.html]
[daddylive.fun/stream/stream-118.html]
[daddylive.fun/stream/stream-206.html]
[daddylive.fun/stream/stream-207.html]
[daddylive.fun/stream/stream-208.html]
[daddylive.fun/stream/stream-209.html]
[daddylive.fun/stream/stream-79.html]
[daddylive.fun/stream/stream-354.html]
[daddylive.fun/stream/stream-105.html]
[daddylive.fun/stream/stream-121.html]
[daddylive.fun/stream/stream-210.html]
[daddylive.fun/stream/stream-211.html]
[daddylive.fun/stream/stream-212.html]
[daddylive.fun/stream/stream-213.html]
[daddylive.fun/stream/stream-214.html]
[daddylive.fun/stream/stream-365.html]
[daddylive.fun/stream/stream-215.html]
[daddylive.fun/stream/stream-216.html]
[daddylive.fun/extra/extra-1.html]
[daddylive.fun/extra/extra-2.html]
[daddylive.fun/extra/extra-3.html]
[daddylive.fun/extra/extra-4.html]
[daddylive.fun/extra/extra-5.html]
[daddylive.fun/extra/extra-6.html]
[daddylive.fun/extra/extra-7.html]
[daddylive.fun/extra/extra-8.html]
[daddylive.fun/extra/extra-9.html]
[daddylive.fun/extra/extra-10.html]
[daddylive.fun/extra/extra-11.html]
[daddylive.fun/extra/extra-12.html]
[i.imgur.com/5Pgcewn.jpg]
[i.imgur.com/NCAiNTk.jpg]
[i.imgur.com/H8gZpN0.jpg]
[ajax.googleapis.com/ajax/libs/jquery/3.0.0/jquery.min.js]
[cdnjs.cloudflare.com/ajax/libs/tether/1.2.0/js/tether.min.js]
[maxcdn.bootstrapcdn.com/bootstrap/4.0.0-alpha.3/js/bootstrap.min.js]
[daddylive.fun/index.html]
[cdnjs.cloudflare.com/ajax/libs/font-awesome/4.7.0/css/font-awesome.min.css]
[daddylive.fun/stylesheet1.css]
[daddylive.fun/css/custom.css]
[daddylive.fun/stylesheet.html]
[use.fontawesome.com/releases/v5.15.1/css/all.css]
[use.fontawesome.com/releases/v5.15.1/css/v4-shims.css]
[daddylive.fun/index-2.html]
[daddylive.fun/js/holder.min.js]
[daddylive.fun/stream/stream-37.html]
[daddylive.fun/stream/stream-370.html]
[daddylive.fun/stream/stream-83.html]
[daddylive.fun/stream/stream-87.html]
[daddylive.fun/stream/stream-88.html]
[daddylive.fun/stream/stream-131.html]
[daddylive.fun/stream/stream-133.html]
[daddylive.fun/stream/stream-148.html]
[daddylive.fun/stream/stream-300.html]
[daddylive.fun/stream/stream-301.html]
[daddylive.fun/stream/stream-302.html]
[daddylive.fun/stream/stream-303.html]
[daddylive.fun/stream/stream-304.html]
[daddylive.fun/stream/stream-305.html]
[daddylive.fun/stream/stream-306.html]
[daddylive.fun/stream/stream-307.html]
[daddylive.fun/stream/stream-310.html]
[daddylive.fun/stream/stream-311.html]
[daddylive.fun/stream/stream-312.html]
[daddylive.fun/stream/stream-314.html]
[daddylive.fun/stream/stream-315.html]
[daddylive.fun/stream/stream-317.html]
[daddylive.fun/stream/stream-319.html]
[daddylive.fun/stream/stream-320.html]
[daddylive.fun/stream/stream-321.html]
[daddylive.fun/stream/stream-323.html]
[daddylive.fun/stream/stream-324.html]
[daddylive.fun/stream/stream-325.html]
[daddylive.fun/stream/stream-326.html]
[daddylive.fun/stream/stream-327.html]
[daddylive.fun/stream/stream-328.html]
[daddylive.fun/stream/stream-329.html]
[daddylive.fun/stream/stream-330.html]
[daddylive.fun/stream/stream-331.html]
[daddylive.fun/stream/stream-332.html]
[daddylive.fun/stream/stream-334.html]
[daddylive.fun/stream/stream-335.html]
[daddylive.fun/stream/stream-336.html]
[daddylive.fun/stream/stream-337.html]
[daddylive.fun/stream/stream-339.html]
[daddylive.fun/stream/stream-340.html]
[daddylive.fun/stream/stream-341.html]
[daddylive.fun/stream/stream-342.html]
[daddylive.fun/stream/stream-344.html]
[daddylive.fun/stream/stream-345.html]
[daddylive.fun/stream/stream-347.html]
[daddylive.fun/stream/stream-348.html]
[daddylive.fun/stream/stream-349.html]
[daddylive.fun/stream/stream-350.html]
[daddylive.fun/stream/stream-351.html]
[daddylive.fun/stream/stream-352.html]
[daddylive.fun/stream/stream-353.html]
[daddylive.fun/stream/stream-355.html]
[daddylive.fun/stream/stream-356.html]
[daddylive.fun/stream/stream-357.html]
[daddylive.fun/stream/stream-358.html]
[daddylive.fun/stream/stream-359.html]
[daddylive.fun/stream/stream-361.html]
[daddylive.fun/stream/stream-362.html]
[daddylive.fun/stream/stream-363.html]
[daddylive.fun/stream/stream-364.html]
[daddylive.fun/stream/stream-366.html]
[daddylive.fun/stream/stream-367.html]
[daddylive.fun/24-hours-channels.html]
[daddylive.fun/stream/stream-371.html]
[i.imgur.com/OJvZmwG.png]
[daddylive.fun/cdn-cgi/l/email-protection.html]
[daddylive.fun/contact-us.html]
[s10.histats.com/js15_as.js]
[daddylive.fun/cdn-cgi/scripts/5c5dd728/cloudflare-static/email-decode.min.js]
[sstatic1.histats.com/0a2b3.gif]
[daddylive.fun/script/compatibility.js]
[daddylive.fun/GET]
[daddylive.fun/favicon.ico]
[daddylive.fun/screen.css]
[daddylive.fun/big-daddy-logo.jpg]
[daddylive.fun/channels/stream-31.html]
[daddylive.fun/channels/stream-32.html]
[daddylive.fun/channels/stream-33.html]
[daddylive.fun/channels/stream-34.html]
[daddylive.fun/channels/stream-35.html]
[daddylive.fun/channels/stream-36.html]
[daddylive.fun/channels/stream-37.html]
[daddylive.fun/channels/stream-38.html]
[daddylive.fun/channels/stream-39.html]
[daddylive.fun/channels/stream-40.html]
[daddylive.fun/channels/stream-41.html]
[daddylive.fun/channels/stream-42.html]
[daddylive.fun/channels/stream-43.html]
[daddylive.fun/channels/stream-44.html]
[daddylive.fun/channels/stream-45.html]
[daddylive.fun/channels/stream-46.html]
[daddylive.fun/channels/stream-47.html]
[daddylive.fun/channels/stream-48.html]
[daddylive.fun/channels/stream-50.html]
[daddylive.fun/embed-for-webmasters.html]
[daddylive.fun/channels/stream-49.html]
[kit.fontawesome.com/a076d05399.js]
[daddylive.fun/css/font-awesome-4.6.3/css/font-awesome.min.css]
[daddylive.fun/ipl-schedule.html]
[cdn.footystats.org/embeds/standings.js]
[platform-api.sharethis.com/js/sharethis.js]
[img.leadzutw.com/ads/lz_loaderad05.js]
[celeritascdn.com/script/su.js]
[daddylive.fun/stream/stylesheet.css]
[daddylive.fun/stream/css/custom.css]
[daddylive.fun/stream/css/font-awesome-4.6.3/css/font-awesome.min.css]
[i.ibb.co/Db4VbVw/1607943254-page-skin.jpg]
[pl16164575.trustedcpmrevenue.com/dd/d4/30/ddd430767cdbddd8ac0726a842abd6c0.js]
[st.chatango.com/js/gz/emb.js]
[daddylive.fun/cast/stream-60.html]
[daddylive.fun/stream/stream-60.html]
[daddylive.fun/stream/js/holder.min.js]
[daddylive.fun/cricket/GET]
[daddylive.fun/cricket/stylesheet.css]
[daddylive.fun/cricket/css/custom.css]
[i.imgur.com/mUHAEDX.jpg]
[daddylive.fun/cricket/cricket-1.html]
[daddylive.fun/cricket/cricket-2.html]
[daddylive.fun/cricket/cricket-3.html]
[daddylive.fun/cricket/cricket-4.html]
[daddylive.fun/cricket/cricket-5.html]
[daddylive.fun/cricket/cricket-6.html]
[daddylive.fun/cricket/cricket-7.html]
[daddylive.fun/cricket/cricket-8.html]
[daddylive.fun/cricket/cricket-9.html]
[daddylive.fun/cricket/cricket-10.html]
[daddylive.fun/cricket/js/holder.min.js]
[daddylive.fun/stream/stream-52.html]
[daddylive.fun/cast/stream-52.html]
[daddylive.fun/stream/stream-360.html]
[daddylive.fun/cast/stream-360.html]
[daddylive.fun/stream/stream-313.html]
[daddylive.fun/cast/stream-313.html]
[daddylive.fun/stream/stream-322.html]
[daddylive.fun/cast/stream-322.html]
[daddylive.fun/stream/stream-376.html]
[daddylive.fun/cast/stream-376.html]
[daddylive.fun/stream/stream-153.html]
[daddylive.fun/cast/stream-153.html]
[daddylive.fun/stream/stream-154.html]
[daddylive.fun/cast/stream-154.html]
[daddylive.fun/stream/stream-155.html]
[daddylive.fun/cast/stream-155.html]
[daddylive.fun/stream/stream-156.html]
[daddylive.fun/cast/stream-156.html]
[daddylive.fun/stream/stream-157.html]
[daddylive.fun/cast/stream-157.html]
[daddylive.fun/stream/stream-158.html]
[daddylive.fun/cast/stream-158.html]
[daddylive.fun/stream/stream-159.html]
[daddylive.fun/cast/stream-159.html]
[daddylive.fun/stream/stream-160.html]
[daddylive.fun/cast/stream-160.html]
[daddylive.fun/stream/stream-161.html]
[daddylive.fun/cast/stream-161.html]
[daddylive.fun/stream/stream-162.html]
[daddylive.fun/cast/stream-162.html]
[daddylive.fun/stream/stream-86.html]
[daddylive.fun/cast/stream-86.html]
[daddylive.fun/stream/stream-163.html]
[daddylive.fun/cast/stream-163.html]
[daddylive.fun/stream/stream-164.html]
[daddylive.fun/cast/stream-164.html]
[daddylive.fun/stream/stream-165.html]
[daddylive.fun/cast/stream-165.html]
[daddylive.fun/stream/stream-166.html]
[daddylive.fun/cast/stream-166.html]
[daddylive.fun/stream/stream-167.html]
[daddylive.fun/cast/stream-167.html]
[daddylive.fun/stream/stream-168.html]
[daddylive.fun/cast/stream-168.html]
[daddylive.fun/stream/stream-169.html]
[daddylive.fun/cast/stream-169.html]
[daddylive.fun/stream/stream-170.html]
[daddylive.fun/cast/stream-170.html]
[daddylive.fun/stream/stream-171.html]
[daddylive.fun/cast/stream-171.html]
[daddylive.fun/stream/stream-172.html]
[daddylive.fun/cast/stream-172.html]
[daddylive.fun/stream/stream-173.html]
[daddylive.fun/cast/stream-173.html]
[daddylive.fun/stream/stream-174.html]
[daddylive.fun/cast/stream-174.html]
[daddylive.fun/stream/stream-175.html]
[daddylive.fun/cast/stream-175.html]
[daddylive.fun/stream/stream-176.html]
[daddylive.fun/cast/stream-176.html]
[daddylive.fun/stream/stream-177.html]
[daddylive.fun/cast/stream-177.html]
[daddylive.fun/stream/stream-178.html]
[daddylive.fun/cast/stream-178.html]
[daddylive.fun/stream/stream-179.html]
[daddylive.fun/cast/stream-179.html]
[daddylive.fun/stream/stream-180.html]
[daddylive.fun/cast/stream-180.html]
[daddylive.fun/stream/stream-181.html]
[daddylive.fun/cast/stream-181.html]
[daddylive.fun/stream/stream-182.html]
[daddylive.fun/cast/stream-182.html]
[daddylive.fun/stream/stream-183.html]
[daddylive.fun/cast/stream-183.html]
[daddylive.fun/stream/stream-184.html]
[daddylive.fun/cast/stream-184.html]
[daddylive.fun/stream/stream-185.html]
[daddylive.fun/cast/stream-185.html]
[daddylive.fun/stream/stream-186.html]
[daddylive.fun/cast/stream-186.html]
[daddylive.fun/stream/stream-187.html]
[daddylive.fun/cast/stream-187.html]
[daddylive.fun/stream/stream-188.html]
[daddylive.fun/cast/stream-188.html]
[daddylive.fun/stream/stream-189.html]
[daddylive.fun/cast/stream-189.html]
[daddylive.fun/stream/stream-190.html]
[daddylive.fun/cast/stream-190.html]
[daddylive.fun/stream/stream-191.html]
[daddylive.fun/cast/stream-191.html]
[daddylive.fun/stream/stream-219.html]
[daddylive.fun/cast/stream-219.html]
[daddylive.fun/stream/stream-220.html]
[daddylive.fun/cast/stream-220.html]
[daddylive.fun/stream/stream-221.html]
[daddylive.fun/cast/stream-221.html]
[daddylive.fun/stream/stream-222.html]
[daddylive.fun/cast/stream-222.html]
[daddylive.fun/stream/stream-123.html]
[daddylive.fun/cast/stream-123.html]
[daddylive.fun/stream/stream-126.html]
[daddylive.fun/cast/stream-126.html]
[daddylive.fun/stream/stream-31.html]
[daddylive.fun/cast/stream-31.html]
[daddylive.fun/stream/stream-33.html]
[daddylive.fun/cast/stream-33.html]
[daddylive.fun/stream/stream-32.html]
[daddylive.fun/cast/stream-32.html]
[daddylive.fun/stream/stream-69.html]
[daddylive.fun/cast/stream-69.html]
[daddylive.fun/stream/stream-63.html]
[daddylive.fun/cast/stream-63.html]
[daddylive.fun/stream/stream-67.html]
[daddylive.fun/cast/stream-67.html]
[daddylive.fun/stream/stream-375.html]
[daddylive.fun/cast/stream-375.html]
[daddylive.fun/stream/stream-1.html]
[daddylive.fun/cast/stream-1.html]
[daddylive.fun/stream/stream-62.html]
[daddylive.fun/cast/stream-62.html]
[daddylive.fun/stream/stream-2.html]
[daddylive.fun/cast/stream-2.html]
[daddylive.fun/stream/stream-49.html]
[daddylive.fun/cast/stream-49.html]
[daddylive.fun/stream/stream-3.html]
[daddylive.fun/cast/stream-3.html]
[daddylive.fun/stream/stream-76.html]
[daddylive.fun/cast/stream-76.html]
[daddylive.fun/stream/stream-106.html]
[daddylive.fun/cast/stream-106.html]
[daddylive.fun/stream/stream-192.html]
[daddylive.fun/cast/stream-192.html]
[daddylive.fun/stream/stream-218.html]
[daddylive.fun/cast/stream-218.html]
[daddylive.fun/stream/stream-193.html]
[daddylive.fun/cast/stream-193.html]
[daddylive.fun/stream/stream-24.html]
[daddylive.fun/cast/stream-24.html]
[daddylive.fun/stream/stream-194.html]
[daddylive.fun/cast/stream-194.html]
[daddylive.fun/stream/stream-4.html]
[daddylive.fun/cast/stream-4.html]
[daddylive.fun/stream/stream-5.html]
[daddylive.fun/cast/stream-5.html]
[daddylive.fun/stream/stream-6.html]
[daddylive.fun/cast/stream-6.html]
[daddylive.fun/stream/stream-138.html]
[daddylive.fun/cast/stream-138.html]
[daddylive.fun/stream/stream-403.html]
[daddylive.fun/cast/stream-403.html]
[daddylive.fun/stream/stream-142.html]
[daddylive.fun/cast/stream-142.html]
[daddylive.fun/stream/stream-7.html]
[daddylive.fun/cast/stream-7.html]
[daddylive.fun/stream/stream-61.html]
[daddylive.fun/cast/stream-61.html]
[daddylive.fun/stream/stream-74.html]
[daddylive.fun/cast/stream-74.html]
[daddylive.fun/stream/stream-122.html]
[daddylive.fun/cast/stream-122.html]
[daddylive.fun/stream/stream-119.html]
[daddylive.fun/cast/stream-119.html]
[daddylive.fun/stream/stream-98.html]
[daddylive.fun/cast/stream-98.html]
[daddylive.fun/stream/stream-73.html]
[daddylive.fun/cast/stream-73.html]
[daddylive.fun/stream/stream-81.html]
[daddylive.fun/cast/stream-81.html]
[daddylive.fun/stream/stream-149.html]
[daddylive.fun/cast/stream-149.html]
[daddylive.fun/stream/stream-101.html]
[daddylive.fun/cast/stream-101.html]
[daddylive.fun/cast/stream-14O.php]
[daddylive.fun/stream/stream-140.html]
[daddylive.fun/stream/stream-35.html]
[daddylive.fun/cast/stream-35.html]
[daddylive.fun/stream/stream-38.html]
[daddylive.fun/cast/stream-38.html]
[daddylive.fun/stream/stream-99.html]
[daddylive.fun/cast/stream-99.html]
[daddylive.fun/stream/stream-72.html]
[daddylive.fun/cast/stream-72.html]
[daddylive.fun/stream/stream-102.html]
[daddylive.fun/cast/stream-102.html]
[daddylive.fun/stream/stream-141.html]
[daddylive.fun/cast/stream-141.html]
[daddylive.fun/stream/stream-17.html]
[daddylive.fun/cast/stream-17.html]
[daddylive.fun/stream/stream-68.html]
[daddylive.fun/cast/stream-68.html]
[daddylive.fun/stream/stream-195.html]
[daddylive.fun/cast/stream-195.html]
[daddylive.fun/stream/stream-18.html]
[daddylive.fun/cast/stream-18.html]
[daddylive.fun/stream/stream-19.html]
[daddylive.fun/cast/stream-19.html]
[daddylive.fun/stream/stream-135.html]
[daddylive.fun/cast/stream-135.html]
[daddylive.fun/stream/stream-400.html]
[daddylive.fun/cast/stream-400.html]
[daddylive.fun/stream/stream-91.html]
[daddylive.fun/cast/stream-91.html]
[daddylive.fun/stream/stream-75.html]
[daddylive.fun/cast/stream-75.html]
[daddylive.fun/stream/stream-85.html]
[daddylive.fun/cast/stream-85.html]
[daddylive.fun/stream/stream-150.html]
[daddylive.fun/cast/stream-150.html]
[daddylive.fun/stream/stream-93.html]
[daddylive.fun/cast/stream-93.html]
[daddylive.fun/stream/stream-94.html]
[daddylive.fun/cast/stream-94.html]
[daddylive.fun/stream/stream-15.html]
[daddylive.fun/cast/stream-15.html]
[daddylive.fun/stream/stream-104.html]
[daddylive.fun/cast/stream-104.html]
[daddylive.fun/stream/stream-145.html]
[daddylive.fun/cast/stream-145.html]
[daddylive.fun/stream/stream-59.html]
[daddylive.fun/cast/stream-59.html]
[daddylive.fun/stream/stream-55.html]
[daddylive.fun/cast/stream-55.html]
[daddylive.fun/stream/stream-107.html]
[daddylive.fun/cast/stream-107.html]
[daddylive.fun/stream/stream-108.html]
[daddylive.fun/cast/stream-108.html]
[daddylive.fun/stream/stream-109.html]
[daddylive.fun/cast/stream-109.html]
[daddylive.fun/stream/stream-103.html]
[daddylive.fun/cast/stream-103.html]
[daddylive.fun/stream/stream-110.html]
[daddylive.fun/cast/stream-110.html]
[daddylive.fun/stream/stream-151.html]
[daddylive.fun/cast/stream-151.html]
[daddylive.fun/stream/stream-152.html]
[daddylive.fun/cast/stream-152.html]
[daddylive.fun/stream/stream-143.html]
[daddylive.fun/cast/stream-143.html]
[daddylive.fun/stream/stream-139.html]
[daddylive.fun/cast/stream-139.html]
[daddylive.fun/stream/stream-196.html]
[daddylive.fun/cast/stream-196.html]
[daddylive.fun/stream/stream-197.html]
[daddylive.fun/cast/stream-197.html]
[daddylive.fun/stream/stream-198.html]
[daddylive.fun/cast/stream-198.html]
[daddylive.fun/stream/stream-10.html]
[daddylive.fun/cast/stream-10.html]
[daddylive.fun/stream/stream-11.html]
[daddylive.fun/cast/stream-11.html]
[daddylive.fun/stream/stream-96.html]
[daddylive.fun/cast/stream-96.html]
[daddylive.fun/stream/stream-56.html]
[daddylive.fun/cast/stream-56.html]
[daddylive.fun/stream/stream-134.html]
[daddylive.fun/cast/stream-134.html]
[daddylive.fun/stream/stream-136.html]
[daddylive.fun/cast/stream-136.html]
[daddylive.fun/stream/stream-71.html]
[daddylive.fun/cast/stream-71.html]
[daddylive.fun/stream/stream-12.html]
[daddylive.fun/cast/stream-12.html]
[daddylive.fun/stream/stream-116.html]
[daddylive.fun/cast/stream-116.html]
[daddylive.fun/stream/stream-64.html]
[daddylive.fun/cast/stream-64.html]
[daddylive.fun/stream/stream-48.html]
[daddylive.fun/cast/stream-48.html]
[daddylive.fun/stream/stream-13.html]
[daddylive.fun/cast/stream-13.html]
[daddylive.fun/stream/stream-199.html]
[daddylive.fun/cast/stream-199.html]
[daddylive.fun/stream/stream-14.html]
[daddylive.fun/cast/stream-14.html]
[daddylive.fun/stream/stream-43.html]
[daddylive.fun/cast/stream-43.html]
[daddylive.fun/stream/stream-16.html]
[daddylive.fun/cast/stream-16.html]
[daddylive.fun/stream/stream-200.html]
[daddylive.fun/cast/stream-200.html]
[daddylive.fun/stream/stream-125.html]
[daddylive.fun/cast/stream-125.html]
[daddylive.fun/stream/stream-100.html]
[daddylive.fun/cast/stream-100.html]
[daddylive.fun/stream/stream-82.html]
[daddylive.fun/cast/stream-82.html]
[daddylive.fun/stream/stream-9.html]
[daddylive.fun/cast/stream-9.html]
[daddylive.fun/stream/stream-21.html]
[daddylive.fun/cast/stream-21.html]
[daddylive.fun/stream/stream-343.html]
[daddylive.fun/cast/stream-343.html]
[daddylive.fun/stream/stream-124.html]
[daddylive.fun/cast/stream-124.html]
[daddylive.fun/stream/stream-120.html]
[daddylive.fun/cast/stream-120.html]
[daddylive.fun/stream/stream-90.html]
[daddylive.fun/cast/stream-90.html]
[daddylive.fun/stream/stream-22.html]
[daddylive.fun/cast/stream-22.html]
[daddylive.fun/stream/stream-23.html]
[daddylive.fun/cast/stream-23.html]
[daddylive.fun/stream/stream-146.html]
[daddylive.fun/cast/stream-146.html]
[daddylive.fun/stream/stream-25.html]
[daddylive.fun/cast/stream-25.html]
[daddylive.fun/stream/stream-372.html]
[daddylive.fun/cast/stream-372.html]
[daddylive.fun/stream/stream-137.html]
[daddylive.fun/cast/stream-137.html]
[daddylive.fun/stream/stream-92.html]
[daddylive.fun/cast/stream-92.html]
[daddylive.fun/stream/stream-147.html]
[daddylive.fun/cast/stream-147.html]
[daddylive.fun/stream/stream-97.html]
[daddylive.fun/cast/stream-97.html]
[daddylive.fun/stream/stream-401.html]
[daddylive.fun/cast/stream-401.html]
[daddylive.fun/stream/stream-26.html]
[daddylive.fun/cast/stream-26.html]
[daddylive.fun/stream/stream-53.html]
[daddylive.fun/cast/stream-53.html]
[daddylive.fun/stream/stream-130.html]
[daddylive.fun/cast/stream-130.html]
[daddylive.fun/stream/stream-117.html]
[daddylive.fun/cast/stream-117.html]
[daddylive.fun/stream/stream-127.html]
[daddylive.fun/cast/stream-127.html]
[daddylive.fun/stream/stream-51.html]
[daddylive.fun/cast/stream-51.html]
[daddylive.fun/stream/stream-402.html]
[daddylive.fun/cast/stream-402.html]
[daddylive.fun/stream/stream-78.html]
[daddylive.fun/cast/stream-78.html]
[daddylive.fun/stream/stream-66.html]
[daddylive.fun/cast/stream-66.html]
[daddylive.fun/stream/stream-132.html]
[daddylive.fun/cast/stream-132.html]
[daddylive.fun/stream/stream-368.html]
[daddylive.fun/cast/stream-368.html]
[daddylive.fun/stream/stream-346.html]
[daddylive.fun/cast/stream-346.html]
[daddylive.fun/stream/stream-65.html]
[daddylive.fun/cast/stream-65.html]
[daddylive.fun/stream/stream-369.html]
[daddylive.fun/cast/stream-369.html]
[daddylive.fun/stream/stream-34.html]
[daddylive.fun/cast/stream-34.html]
[daddylive.fun/stream/stream-40.html]
[daddylive.fun/cast/stream-40.html]
[daddylive.fun/stream/stream-46.html]
[daddylive.fun/cast/stream-46.html]
[daddylive.fun/stream/stream-95.html]
[daddylive.fun/cast/stream-95.html]
[daddylive.fun/stream/stream-129.html]
[daddylive.fun/cast/stream-129.html]
[daddylive.fun/stream/stream-114.html]
[daddylive.fun/cast/stream-114.html]
[daddylive.fun/stream/stream-50.html]
[daddylive.fun/cast/stream-50.html]
[daddylive.fun/stream/stream-80.html]
[daddylive.fun/cast/stream-80.html]
[daddylive.fun/stream/stream-27.html]
[daddylive.fun/cast/stream-27.html]
[daddylive.fun/stream/stream-39.html]
[daddylive.fun/cast/stream-39.html]
[daddylive.fun/stream/stream-309.html]
[daddylive.fun/cast/stream-309.html]
[daddylive.fun/stream/stream-115.html]
[daddylive.fun/cast/stream-115.html]
[daddylive.fun/stream/stream-201.html]
[daddylive.fun/cast/stream-201.html]
[daddylive.fun/stream/stream-28.html]
[daddylive.fun/cast/stream-28.html]
[daddylive.fun/stream/stream-47.html]
[daddylive.fun/cast/stream-47.html]
[daddylive.fun/stream/stream-128.html]
[daddylive.fun/cast/stream-128.html]
[daddylive.fun/stream/stream-112.html]
[daddylive.fun/cast/stream-112.html]
[daddylive.fun/stream/stream-89.html]
[daddylive.fun/cast/stream-89.html]
[daddylive.fun/stream/stream-333.html]
[daddylive.fun/cast/stream-333.html]
[daddylive.fun/stream/stream-70.html]
[daddylive.fun/cast/stream-70.html]
[daddylive.fun/stream/stream-318.html]
[daddylive.fun/cast/stream-318.html]
[daddylive.fun/stream/stream-144.html]
[daddylive.fun/cast/stream-144.html]
[daddylive.fun/stream/stream-202.html]
[daddylive.fun/cast/stream-202.html]
[daddylive.fun/stream/stream-316.html]
[daddylive.fun/cast/stream-316.html]
[daddylive.fun/stream/stream-29.html]
[daddylive.fun/cast/stream-29.html]
[daddylive.fun/stream/stream-30.html]
[daddylive.fun/cast/stream-30.html]
[daddylive.fun/stream/stream-45.html]
[daddylive.fun/cast/stream-45.html]
[daddylive.fun/stream/stream-54.html]
[daddylive.fun/cast/stream-54.html]
[daddylive.fun/stream/stream-44.html]
[daddylive.fun/cast/stream-44.html]
[daddylive.fun/stream/stream-20.html]
[daddylive.fun/cast/stream-20.html]
[daddylive.fun/stream/stream-308.html]
[daddylive.fun/cast/stream-308.html]
[daddylive.fun/stream/stream-8.html]
[daddylive.fun/cast/stream-8.html]
[daddylive.fun/stream/stream-338.html]
[daddylive.fun/cast/stream-338.html]
[daddylive.fun/stream/stream-111.html]
[daddylive.fun/cast/stream-111.html]
[daddylive.fun/stream/stream-113.html]
[daddylive.fun/cast/stream-113.html]
[daddylive.fun/stream/stream-36.html]
[daddylive.fun/cast/stream-36.html]
[daddylive.fun/stream/stream-41.html]
[daddylive.fun/cast/stream-41.html]
[daddylive.fun/stream/stream-57.html]
[daddylive.fun/cast/stream-57.html]
[daddylive.fun/stream/stream-42.html]
[daddylive.fun/cast/stream-42.html]
[daddylive.fun/stream/stream-58.html]
[daddylive.fun/cast/stream-58.html]
[daddylive.fun/stream/stream-77.html]
[daddylive.fun/cast/stream-77.html]
[daddylive.fun/stream/stream-84.html]
[daddylive.fun/cast/stream-84.html]
[daddylive.fun/stream/stream-203.html]
[daddylive.fun/cast/stream-203.html]
[daddylive.fun/stream/stream-204.html]
[daddylive.fun/cast/stream-204.html]
[daddylive.fun/stream/stream-217.html]
[daddylive.fun/cast/stream-217.html]
[daddylive.fun/stream/stream-205.html]
[daddylive.fun/cast/stream-205.html]
[daddylive.fun/stream/stream-118.html]
[daddylive.fun/cast/stream-118.html]
[daddylive.fun/stream/stream-206.html]
[daddylive.fun/cast/stream-206.html]
[daddylive.fun/stream/stream-207.html]
[daddylive.fun/cast/stream-207.html]
[daddylive.fun/stream/stream-208.html]
[daddylive.fun/cast/stream-208.html]
[daddylive.fun/stream/stream-209.html]
[daddylive.fun/cast/stream-209.html]
[daddylive.fun/stream/stream-79.html]
[daddylive.fun/cast/stream-79.html]
[daddylive.fun/stream/stream-354.html]
[daddylive.fun/cast/stream-354.html]
[daddylive.fun/stream/stream-105.html]
[daddylive.fun/cast/stream-105.html]
[daddylive.fun/stream/stream-121.html]
[daddylive.fun/cast/stream-121.html]
[daddylive.fun/stream/stream-210.html]
[daddylive.fun/cast/stream-210.html]
[daddylive.fun/stream/stream-211.html]
[daddylive.fun/cast/stream-211.html]
[daddylive.fun/stream/stream-212.html]
[daddylive.fun/cast/stream-212.html]
[daddylive.fun/stream/stream-213.html]
[daddylive.fun/cast/stream-213.html]
[daddylive.fun/stream/stream-214.html]
[daddylive.fun/cast/stream-214.html]
[daddylive.fun/stream/stream-365.html]
[daddylive.fun/cast/stream-365.html]
[daddylive.fun/stream/stream-215.html]
[daddylive.fun/cast/stream-215.html]
[daddylive.fun/stream/stream-216.html]
[daddylive.fun/cast/stream-216.html]
[daddylive.fun/extra/GET]
[daddylive.fun/extra/stylesheet.css]
[daddylive.fun/extra/css/custom.css]
[i.imgur.com/DRVMizs.jpg]
[daddylive.fun/extra/extra-1.html]
[daddylive.fun/extra/extra-2.html]
[daddylive.fun/extra/extra-3.html]
[daddylive.fun/extra/extra-4.html]
[daddylive.fun/extra/extra-5.html]
[daddylive.fun/extra/extra-6.html]
[daddylive.fun/extra/extra-7.html]
[daddylive.fun/extra/extra-8.html]
[daddylive.fun/extra/extra-9.html]
[daddylive.fun/extra/extra-10.html]
[daddylive.fun/extra/js/holder.min.js]
[daddylive.fun/extra/extra-11.html]
[daddylive.fun/extra/extra-12.html]
[daddylive.fun/stream/stream-37.html]
[daddylive.fun/cast/stream-37.html]
[daddylive.fun/stream/stream-370.html]
[daddylive.fun/cast/stream-370.html]
[daddylive.fun/stream/stream-83.html]
[daddylive.fun/cast/stream-83.html]
[daddylive.fun/stream/stream-87.html]
[daddylive.fun/cast/stream-87.html]
[daddylive.fun/stream/stream-88.html]
[daddylive.fun/cast/stream-88.html]
[daddylive.fun/stream/stream-131.html]
[daddylive.fun/cast/stream-131.html]
[daddylive.fun/stream/stream-133.html]
[daddylive.fun/cast/stream-133.html]
[daddylive.fun/stream/stream-148.html]
[daddylive.fun/cast/stream-148.html]
[daddylive.fun/stream/stream-300.html]
[daddylive.fun/cast/stream-300.html]
[daddylive.fun/stream/stream-301.html]
[daddylive.fun/cast/stream-301.html]
[daddylive.fun/stream/stream-302.html]
[daddylive.fun/cast/stream-302.html]
[daddylive.fun/stream/stream-303.html]
[daddylive.fun/cast/stream-303.html]
[daddylive.fun/stream/stream-304.html]
[daddylive.fun/cast/stream-304.html]
[daddylive.fun/stream/stream-305.html]
[daddylive.fun/cast/stream-305.html]
[daddylive.fun/stream/stream-306.html]
[daddylive.fun/cast/stream-306.html]
[daddylive.fun/stream/stream-307.html]
[daddylive.fun/cast/stream-307.html]
[daddylive.fun/stream/stream-310.html]
[daddylive.fun/cast/stream-310.html]
[daddylive.fun/stream/stream-311.html]
[daddylive.fun/cast/stream-311.html]
[daddylive.fun/stream/stream-312.html]
[daddylive.fun/cast/stream-312.html]
[daddylive.fun/stream/stream-314.html]
[daddylive.fun/cast/stream-314.html]
[daddylive.fun/stream/stream-315.html]
[daddylive.fun/cast/stream-315.html]
[daddylive.fun/stream/stream-317.html]
[daddylive.fun/cast/stream-317.html]
[daddylive.fun/stream/stream-319.html]
[daddylive.fun/cast/stream-319.html]
[daddylive.fun/stream/stream-320.html]
[daddylive.fun/cast/stream-320.html]
[daddylive.fun/stream/stream-321.html]
[daddylive.fun/cast/stream-321.html]
[daddylive.fun/stream/stream-323.html]
[daddylive.fun/cast/stream-323.html]
[daddylive.fun/stream/stream-324.html]
[daddylive.fun/cast/stream-324.html]
[daddylive.fun/stream/stream-325.html]
[daddylive.fun/cast/stream-325.html]
[daddylive.fun/stream/stream-326.html]
[daddylive.fun/cast/stream-326.html]
[daddylive.fun/stream/stream-327.html]
[daddylive.fun/cast/stream-327.html]
[daddylive.fun/stream/stream-328.html]
[daddylive.fun/cast/stream-328.html]
[daddylive.fun/stream/stream-329.html]
[daddylive.fun/cast/stream-329.html]
[daddylive.fun/stream/stream-330.html]
[daddylive.fun/cast/stream-330.html]
[daddylive.fun/stream/stream-331.html]
[daddylive.fun/cast/stream-331.html]
[daddylive.fun/stream/stream-332.html]
[daddylive.fun/cast/stream-332.html]
[daddylive.fun/stream/stream-334.html]
[daddylive.fun/cast/stream-334.html]
[daddylive.fun/stream/stream-335.html]
[daddylive.fun/cast/stream-335.html]
[daddylive.fun/stream/stream-336.html]
[daddylive.fun/cast/stream-336.html]
[daddylive.fun/stream/stream-337.html]
[daddylive.fun/cast/stream-337.html]
[daddylive.fun/stream/stream-339.html]
[daddylive.fun/cast/stream-339.html]
[daddylive.fun/stream/stream-340.html]
[daddylive.fun/cast/stream-340.html]
[daddylive.fun/stream/stream-341.html]
[daddylive.fun/cast/stream-341.html]
[daddylive.fun/stream/stream-342.html]
[daddylive.fun/cast/stream-342.html]
[daddylive.fun/stream/stream-344.html]
[daddylive.fun/cast/stream-344.html]
[daddylive.fun/stream/stream-345.html]
[daddylive.fun/cast/stream-345.html]
[daddylive.fun/stream/stream-347.html]
[daddylive.fun/cast/stream-347.html]
[daddylive.fun/stream/stream-348.html]
[daddylive.fun/cast/stream-348.html]
[daddylive.fun/stream/stream-349.html]
[daddylive.fun/cast/stream-349.html]
[daddylive.fun/stream/stream-350.html]
[daddylive.fun/cast/stream-350.html]
[daddylive.fun/stream/stream-351.html]
[daddylive.fun/cast/stream-351.html]
[daddylive.fun/stream/stream-352.html]
[daddylive.fun/cast/stream-352.html]
[daddylive.fun/stream/stream-353.html]
[daddylive.fun/cast/stream-353.html]
[daddylive.fun/stream/stream-355.html]
[daddylive.fun/cast/stream-355.html]
[daddylive.fun/stream/stream-356.html]
[daddylive.fun/cast/stream-356.html]
[daddylive.fun/stream/stream-357.html]
[daddylive.fun/cast/stream-357.html]
[daddylive.fun/stream/stream-358.html]
[daddylive.fun/cast/stream-358.html]
[daddylive.fun/stream/stream-359.html]
[daddylive.fun/cast/stream-359.html]
[daddylive.fun/stream/stream-361.html]
[daddylive.fun/cast/stream-361.html]
[daddylive.fun/stream/stream-362.html]
[daddylive.fun/cast/stream-362.html]
[daddylive.fun/stream/stream-363.html]
[daddylive.fun/cast/stream-363.html]
[daddylive.fun/stream/stream-364.html]
[daddylive.fun/cast/stream-364.html]
[daddylive.fun/stream/stream-366.html]
[daddylive.fun/cast/stream-366.html]
[daddylive.fun/stream/stream-367.html]
[daddylive.fun/cast/stream-367.html]
[daddylive.fun/stream/stream-371.html]
[daddylive.fun/cdn-cgi/l/email-protection.html]
[daddylive.fun/script/compatibility.html]
[daddylive.fun/GET.html]
[daddylive.fun/favicon.html]
[daddylive.fun/screen.css]
[daddylive.fun/cast/stream-371.html]
[daddylive.fun/channels/GET]
[daddylive.fun/channels/stylesheet.css]
[daddylive.fun/channels/css/custom.css]
[daddylive.fun/channels/css/font-awesome-4.6.3/css/font-awesome.min.css]
[daddylive.fun/channels/stream-31.html]
[daddylive.fun/channels/stream-32.html]
[daddylive.fun/channels/stream-33.html]
[daddylive.fun/channels/stream-34.html]
[daddylive.fun/channels/stream-35.html]
[daddylive.fun/channels/js/holder.min.js]
[daddylive.fun/channels/stream-36.html]
[daddylive.fun/channels/stream-37.html]
[daddylive.fun/channels/stream-38.html]
[daddylive.fun/channels/stream-39.html]
[daddylive.fun/channels/stream-40.html]
[daddylive.fun/channels/stream-41.html]
[daddylive.fun/channels/stream-42.html]
[daddylive.fun/channels/stream-43.html]
[daddylive.fun/channels/stream-44.html]
[daddylive.fun/channels/stream-45.html]
[daddylive.fun/channels/stream-46.html]
[daddylive.fun/channels/stream-47.html]
[daddylive.fun/channels/stream-48.html]
[daddylive.fun/channels/stream-50.html]
[daddylive.fun/channels/stream-49.html]
[daddylive.fun/css/font-awesome-4.6.3/fonts/fontawesome-webfont5b62.eot]
[daddylive.fun/css/font-awesome-4.6.3/fonts/fontawesome-webfontd41d.eot]
[daddylive.fun/css/font-awesome-4.6.3/fonts/fontawesome-webfont5b62.woff2]
[daddylive.fun/css/font-awesome-4.6.3/fonts/fontawesome-webfont5b62.woff]
[daddylive.fun/css/font-awesome-4.6.3/fonts/fontawesome-webfont5b62.ttf]
[daddylive.fun/css/font-awesome-4.6.3/css/font-awesome.min.css]
[daddylive.fun/stream/stylesheet.css]
[daddylive.fun/stream/css/custom.css]
[daddylive.fun/css/font-awesome-4.6.3/fonts/fontawesome-webfont5b62.svg]
[daddylive.fun/stream/css/font-awesome-4.6.3/fonts/fontawesome-webfont5b62.eot]
[daddylive.fun/stream/css/font-awesome-4.6.3/fonts/fontawesome-webfontd41d.eot]
[daddylive.fun/stream/css/font-awesome-4.6.3/fonts/fontawesome-webfont5b62.woff2]
[daddylive.fun/stream/css/font-awesome-4.6.3/fonts/fontawesome-webfont5b62.woff]
[daddylive.fun/stream/css/font-awesome-4.6.3/fonts/fontawesome-webfont5b62.ttf]
[daddylive.fun/stream/css/font-awesome-4.6.3/css/font-awesome.min.css]
[daddylive.fun/stream/css/font-awesome-4.6.3/fonts/fontawesome-webfont5b62.svg]
[daddylive.fun/cast/GET]
[daddylive.fun/cast/stylesheet.css]
[daddylive.fun/cast/css/custom.css]
[daddylive.fun/cast/css/font-awesome-4.6.3/css/font-awesome.min.css]
[daddylive.fun/cast/stream-60.html]
[st.chatango.com/js/gz/emb.js]
[daddylive.fun/cricket/GET.html]
[daddylive.fun/cricket/stylesheet.css]
[daddylive.fun/cast/js/holder.min.js]
[daddylive.fun/cricket/css/custom.css]
[daddylive.fun/cast/stream-52.html]
[daddylive.fun/cast/stream-360.html]
[daddylive.fun/cast/stream-313.html]
[daddylive.fun/cast/stream-322.html]
[daddylive.fun/cast/stream-376.html]
[daddylive.fun/cast/stream-153.html]
[daddylive.fun/cast/stream-154.html]
[daddylive.fun/cast/stream-155.html]
[daddylive.fun/cast/stream-156.html]
[daddylive.fun/cast/stream-157.html]
[daddylive.fun/cast/stream-158.html]
[daddylive.fun/cast/stream-159.html]
[daddylive.fun/cast/stream-160.html]
[daddylive.fun/cast/stream-161.html]
[daddylive.fun/cast/stream-162.html]
[daddylive.fun/cast/stream-86.html]
[daddylive.fun/cast/stream-163.html]
[daddylive.fun/stream/index.html]
[daddylive.fun/cast/stream-164.html]
[daddylive.fun/cast/stream-165.html]
[daddylive.fun/cast/stream-166.html]
[daddylive.fun/cast/stream-167.html]
[daddylive.fun/cast/stream-168.html]
[daddylive.fun/cast/stream-169.html]
[daddylive.fun/cast/stream-170.html]
[daddylive.fun/cast/stream-171.html]
[daddylive.fun/cast/stream-172.html]
[daddylive.fun/cast/stream-173.html]
[daddylive.fun/cast/stream-174.html]
[daddylive.fun/cast/stream-175.html]
[daddylive.fun/cast/stream-176.html]
[daddylive.fun/cast/stream-177.html]
[daddylive.fun/cast/stream-178.html]
[daddylive.fun/cast/stream-179.html]
[daddylive.fun/cast/stream-180.html]
[daddylive.fun/cast/stream-181.html]
[daddylive.fun/cast/stream-182.html]
[daddylive.fun/cast/stream-183.html]
[daddylive.fun/cast/stream-184.html]
[daddylive.fun/cast/stream-185.html]
[daddylive.fun/cast/stream-186.html]
[daddylive.fun/cast/stream-187.html]
[daddylive.fun/cast/stream-188.html]
[daddylive.fun/cast/stream-189.html]
[daddylive.fun/cast/stream-190.html]
[daddylive.fun/cast/stream-191.html]
[daddylive.fun/cast/stream-219.html]
[daddylive.fun/cast/stream-220.html]
[daddylive.fun/cast/stream-221.html]
[daddylive.fun/cast/stream-222.html]
[daddylive.fun/cast/stream-123.html]
[daddylive.fun/cast/stream-126.html]
[daddylive.fun/cast/stream-31.html]
[daddylive.fun/cast/stream-33.html]
[daddylive.fun/cast/stream-32.html]
[daddylive.fun/cast/stream-69.html]
[daddylive.fun/cast/stream-63.html]
[daddylive.fun/cast/stream-67.html]
[daddylive.fun/cast/stream-375.html]
[daddylive.fun/cast/stream-1.html]
[daddylive.fun/cast/stream-62.html]
[daddylive.fun/cast/stream-2.html]
[daddylive.fun/cast/stream-49.html]
[daddylive.fun/cast/stream-3.html]
[daddylive.fun/cast/stream-76.html]
[daddylive.fun/cast/stream-106.html]
[daddylive.fun/cast/stream-192.html]
[daddylive.fun/cast/stream-218.html]
[daddylive.fun/cast/stream-193.html]
[daddylive.fun/cast/stream-24.html]
[daddylive.fun/cast/stream-194.html]
[daddylive.fun/cast/stream-4.html]
[daddylive.fun/cast/stream-5.html]
[daddylive.fun/cast/stream-6.html]
[daddylive.fun/cast/stream-138.html]
[daddylive.fun/cast/stream-403.html]
[daddylive.fun/cast/stream-142.html]
[daddylive.fun/cast/stream-7.html]
[daddylive.fun/cast/stream-61.html]
[daddylive.fun/cast/stream-74.html]
[daddylive.fun/cast/stream-122.html]
[daddylive.fun/cast/stream-119.html]
[daddylive.fun/cast/stream-98.html]
[daddylive.fun/cast/stream-73.html]
[daddylive.fun/cast/stream-81.html]
[daddylive.fun/cast/stream-149.html]
[daddylive.fun/cast/stream-101.html]
[daddylive.fun/cast/stream-14O.html]
[daddylive.fun/cast/stream-35.html]
[daddylive.fun/cast/stream-38.html]
[daddylive.fun/cast/stream-99.html]
[daddylive.fun/cast/stream-72.html]
[daddylive.fun/cast/stream-102.html]
[daddylive.fun/cast/stream-141.html]
[daddylive.fun/cast/stream-17.html]
[daddylive.fun/cast/stream-68.html]
[daddylive.fun/cast/stream-195.html]
[daddylive.fun/cast/stream-18.html]
[daddylive.fun/cast/stream-19.html]
[daddylive.fun/cast/stream-135.html]
[daddylive.fun/cast/stream-400.html]
[daddylive.fun/cast/stream-91.html]
[daddylive.fun/cast/stream-75.html]
[daddylive.fun/cast/stream-85.html]
[daddylive.fun/cast/stream-150.html]
[daddylive.fun/cast/stream-93.html]
[daddylive.fun/cast/stream-94.html]
[daddylive.fun/cast/stream-15.html]
[daddylive.fun/cast/stream-104.html]
[daddylive.fun/cast/stream-145.html]
[daddylive.fun/cast/stream-59.html]
[daddylive.fun/cast/stream-55.html]
[daddylive.fun/cast/stream-107.html]
[daddylive.fun/cast/stream-108.html]
[daddylive.fun/cast/stream-109.html]
[daddylive.fun/cast/stream-103.html]
[daddylive.fun/cast/stream-110.html]
[daddylive.fun/cast/stream-151.html]
[daddylive.fun/cast/stream-152.html]
[daddylive.fun/cast/stream-143.html]
[daddylive.fun/cast/stream-139.html]
[daddylive.fun/cast/stream-196.html]
[daddylive.fun/cast/stream-197.html]
[daddylive.fun/cast/stream-198.html]
[daddylive.fun/cast/stream-10.html]
[daddylive.fun/cast/stream-11.html]
[daddylive.fun/cast/stream-96.html]
[daddylive.fun/cast/stream-56.html]
[daddylive.fun/cast/stream-134.html]
[daddylive.fun/cast/stream-136.html]
[daddylive.fun/cast/stream-71.html]
[daddylive.fun/cast/stream-12.html]
[daddylive.fun/cast/stream-116.html]
[daddylive.fun/cast/stream-64.html]
[daddylive.fun/cast/stream-48.html]
[daddylive.fun/cast/stream-13.html]
[daddylive.fun/cast/stream-199.html]
[daddylive.fun/cast/stream-14.html]
[daddylive.fun/cast/stream-43.html]
[daddylive.fun/cast/stream-16.html]
[daddylive.fun/cast/stream-200.html]
[daddylive.fun/cast/stream-125.html]
[daddylive.fun/cast/stream-100.html]
[daddylive.fun/cast/stream-82.html]
[daddylive.fun/cast/stream-9.html]
[daddylive.fun/cast/stream-21.html]
[daddylive.fun/cast/stream-343.html]
[daddylive.fun/cast/stream-124.html]
[daddylive.fun/cast/stream-120.html]
[daddylive.fun/cast/stream-90.html]
[daddylive.fun/cast/stream-22.html]
[daddylive.fun/cast/stream-23.html]
[daddylive.fun/cast/stream-146.html]
[daddylive.fun/cast/stream-25.html]
[daddylive.fun/cast/stream-372.html]
[daddylive.fun/cast/stream-137.html]
[daddylive.fun/cast/stream-92.html]
[daddylive.fun/cast/stream-147.html]
[daddylive.fun/cast/stream-97.html]
[daddylive.fun/cast/stream-401.html]
[daddylive.fun/cast/stream-26.html]
[daddylive.fun/cast/stream-53.html]
[daddylive.fun/cast/stream-130.html]
[daddylive.fun/cast/stream-117.html]
[daddylive.fun/cast/stream-127.html]
[daddylive.fun/cast/stream-51.html]
[daddylive.fun/cast/stream-402.html]
[daddylive.fun/cast/stream-78.html]
[daddylive.fun/cast/stream-66.html]
[daddylive.fun/cast/stream-132.html]
[daddylive.fun/cast/stream-368.html]
[daddylive.fun/cast/stream-346.html]
[daddylive.fun/cast/stream-65.html]
[daddylive.fun/cast/stream-369.html]
[daddylive.fun/cast/stream-34.html]
[daddylive.fun/cast/stream-40.html]
[daddylive.fun/cast/stream-46.html]
[daddylive.fun/cast/stream-95.html]
[daddylive.fun/cast/stream-129.html]
[daddylive.fun/cast/stream-114.html]
[daddylive.fun/cast/stream-50.html]
[daddylive.fun/cast/stream-80.html]
[daddylive.fun/cast/stream-27.html]
[daddylive.fun/cast/stream-39.html]
[daddylive.fun/cast/stream-309.html]
[daddylive.fun/cast/stream-115.html]
[daddylive.fun/cast/stream-201.html]
[daddylive.fun/cast/stream-28.html]
[daddylive.fun/cast/stream-47.html]
[daddylive.fun/cast/stream-128.html]
[daddylive.fun/cast/stream-112.html]
[daddylive.fun/cast/stream-89.html]
[daddylive.fun/cast/stream-333.html]
[daddylive.fun/cast/stream-70.html]
[daddylive.fun/cast/stream-318.html]
[daddylive.fun/cast/stream-144.html]
[daddylive.fun/cast/stream-202.html]
[daddylive.fun/cast/stream-316.html]
[daddylive.fun/cast/stream-29.html]
[daddylive.fun/cast/stream-30.html]
[daddylive.fun/cast/stream-45.html]
[daddylive.fun/cast/stream-54.html]
[daddylive.fun/cast/stream-44.html]
[daddylive.fun/cast/stream-20.html]
[daddylive.fun/cast/stream-308.html]
[daddylive.fun/cast/stream-8.html]
[daddylive.fun/cast/stream-338.html]
[daddylive.fun/cast/stream-111.html]
[daddylive.fun/cast/stream-113.html]
[daddylive.fun/cast/stream-36.html]
[daddylive.fun/cast/stream-41.html]
[daddylive.fun/cast/stream-57.html]
[daddylive.fun/cast/stream-42.html]
[daddylive.fun/cast/stream-58.html]
[daddylive.fun/cast/stream-77.html]
[daddylive.fun/cast/stream-84.html]
[daddylive.fun/cast/stream-203.html]
[daddylive.fun/cast/stream-204.html]
[daddylive.fun/cast/stream-217.html]
[daddylive.fun/cast/stream-205.html]
[daddylive.fun/cast/stream-118.html]
[daddylive.fun/cast/stream-206.html]
[daddylive.fun/cast/stream-207.html]
[daddylive.fun/cast/stream-208.html]
[daddylive.fun/cast/stream-209.html]
[daddylive.fun/cast/stream-79.html]
[daddylive.fun/cast/stream-354.html]
[daddylive.fun/cast/stream-105.html]
[daddylive.fun/cast/stream-121.html]
[daddylive.fun/cast/stream-210.html]
[daddylive.fun/cast/stream-211.html]
[daddylive.fun/cast/stream-212.html]
[daddylive.fun/cast/stream-213.html]
[daddylive.fun/cast/stream-214.html]
[daddylive.fun/cast/stream-365.html]
[daddylive.fun/cast/stream-215.html]
[daddylive.fun/cast/stream-216.html]
[daddylive.fun/extra/GET.html]
[daddylive.fun/extra/stylesheet.css]
[daddylive.fun/extra/css/custom.css]
[daddylive.fun/cast/stream-37.html]
[daddylive.fun/cast/stream-370.html]
[daddylive.fun/cast/stream-83.html]
[daddylive.fun/cast/stream-87.html]
[daddylive.fun/cast/stream-88.html]
[daddylive.fun/cast/stream-131.html]
[daddylive.fun/cast/stream-133.html]
[daddylive.fun/cast/stream-148.html]
[daddylive.fun/cast/stream-300.html]
[daddylive.fun/cast/stream-301.html]
[daddylive.fun/cast/stream-302.html]
[daddylive.fun/cast/stream-303.html]
[daddylive.fun/cast/stream-304.html]
[daddylive.fun/cast/stream-305.html]
[daddylive.fun/cast/stream-306.html]
[daddylive.fun/cast/stream-307.html]
[daddylive.fun/cast/stream-310.html]
[daddylive.fun/cast/stream-311.html]
[daddylive.fun/cast/stream-312.html]
[daddylive.fun/cast/stream-314.html]
[daddylive.fun/cast/stream-315.html]
[daddylive.fun/cast/stream-317.html]
[daddylive.fun/cast/stream-319.html]
[daddylive.fun/cast/stream-320.html]
[daddylive.fun/cast/stream-321.html]
[daddylive.fun/cast/stream-323.html]
[daddylive.fun/cast/stream-324.html]
[daddylive.fun/cast/stream-325.html]
[daddylive.fun/cast/stream-326.html]
[daddylive.fun/cast/stream-327.html]
[daddylive.fun/cast/stream-328.html]
[daddylive.fun/cast/stream-329.html]
[daddylive.fun/cast/stream-330.html]
[daddylive.fun/cast/stream-331.html]
[daddylive.fun/cast/stream-332.html]
[daddylive.fun/cast/stream-334.html]
[daddylive.fun/cast/stream-335.html]
[daddylive.fun/cast/stream-336.html]
[daddylive.fun/cast/stream-337.html]
[daddylive.fun/cast/stream-339.html]
[daddylive.fun/cast/stream-340.html]
[daddylive.fun/cast/stream-341.html]
[daddylive.fun/cast/stream-342.html]
[daddylive.fun/cast/stream-344.html]
[daddylive.fun/cast/stream-345.html]
[daddylive.fun/cast/stream-347.html]
[daddylive.fun/cast/stream-348.html]
[daddylive.fun/cast/stream-349.html]
[daddylive.fun/cast/stream-350.html]
[daddylive.fun/cast/stream-351.html]
[daddylive.fun/cast/stream-352.html]
[daddylive.fun/cast/stream-353.html]
[daddylive.fun/cast/stream-355.html]
[daddylive.fun/cast/stream-356.html]
[daddylive.fun/cast/stream-357.html]
[daddylive.fun/cast/stream-358.html]
[daddylive.fun/cast/stream-359.html]
[daddylive.fun/cast/stream-361.html]
[daddylive.fun/cast/stream-362.html]
[daddylive.fun/cast/stream-363.html]
[daddylive.fun/cast/stream-364.html]
[daddylive.fun/cast/stream-366.html]
[daddylive.fun/cast/stream-367.html]
[daddylive.fun/cast/stream-371.html]
[daddylive.fun/channels/GET.html]
[daddylive.fun/channels/stylesheet.css]
[daddylive.fun/channels/css/custom.css]
[daddylive.fun/channels/css/font-awesome-4.6.3/fonts/fontawesome-webfont5b62.eot]
[daddylive.fun/channels/css/font-awesome-4.6.3/fonts/fontawesome-webfontd41d.eot]
[daddylive.fun/channels/css/font-awesome-4.6.3/fonts/fontawesome-webfont5b62.woff2]
[daddylive.fun/channels/css/font-awesome-4.6.3/fonts/fontawesome-webfont5b62.woff]
[daddylive.fun/channels/css/font-awesome-4.6.3/fonts/fontawesome-webfont5b62.ttf]
[daddylive.fun/channels/css/font-awesome-4.6.3/css/font-awesome.min.css]
[daddylive.fun/css/font-awesome-4.6.3/fonts/fontawesome-webfont5b62.svg]
[daddylive.fun/stream/css/font-awesome-4.6.3/fonts/fontawesome-webfont5b62.svg]
[daddylive.fun/cast/GET.html]
[daddylive.fun/cast/stylesheet.css]
[daddylive.fun/cast/css/custom.css]
[daddylive.fun/channels/css/font-awesome-4.6.3/fonts/fontawesome-webfont5b62.svg]
[daddylive.fun/cast/css/font-awesome-4.6.3/fonts/fontawesome-webfont5b62.eot]
[daddylive.fun/cast/css/font-awesome-4.6.3/fonts/fontawesome-webfontd41d.eot]
[daddylive.fun/cast/css/font-awesome-4.6.3/fonts/fontawesome-webfont5b62.woff2]
[daddylive.fun/cast/css/font-awesome-4.6.3/fonts/fontawesome-webfont5b62.woff]
[daddylive.fun/cast/css/font-awesome-4.6.3/fonts/fontawesome-webfont5b62.ttf]
[daddylive.fun/cast/css/font-awesome-4.6.3/css/font-awesome.min.css]
[daddylive.fun/stream/index.html]
[daddylive.fun/channels/css/font-awesome-4.6.3/fonts/fontawesome-webfont5b62.svg]
[daddylive.fun/cast/css/font-awesome-4.6.3/fonts/fontawesome-webfont5b62.svg]
[daddylive.fun/cast/css/font-awesome-4.6.3/fonts/fontawesome-webfont5b62.svg]
